Component: ARM Compiler 5.06 update 5 (build 528) Tool: armlink [4d35e2]

==============================================================================

Section Cross References

    sam9260.o(RESET) refers to sam9260.o(STACK) for Stack_Top
    sam9260.o(RESET) refers to entry.o(.ARM.Collect$$$$00000000) for __main
    blinky.o(.text) refers to blinky.o(.data) for TimeFlag
    blinky.o(.text) refers to blinky.o(.constdata) for led_mask
    entry.o(.ARM.Collect$$$$00000000) refers (Special) to entry10a.o(.ARM.Collect$$$$0000000D) for __rt_final_cpp
    entry.o(.ARM.Collect$$$$00000000) refers (Special) to entry11a.o(.ARM.Collect$$$$0000000F) for __rt_final_exit
    entry.o(.ARM.Collect$$$$00000000) refers (Special) to entry7b.o(.ARM.Collect$$$$00000008) for _main_clock
    entry.o(.ARM.Collect$$$$00000000) refers (Special) to entry8b.o(.ARM.Collect$$$$0000000A) for _main_cpp_init
    entry.o(.ARM.Collect$$$$00000000) refers (Special) to entry9a.o(.ARM.Collect$$$$0000000B) for _main_init
    entry.o(.ARM.Collect$$$$00000000) refers (Special) to entry5.o(.ARM.Collect$$$$00000004) for _main_scatterload
    entry.o(.ARM.Collect$$$$00000000) refers (Special) to entry2.o(.ARM.Collect$$$$00000001) for _main_stk
    entry2.o(.ARM.Collect$$$$00000001) refers to entry2.o(.ARM.Collect$$$$00002712) for __lit__00000000
    entry2.o(.ARM.Collect$$$$00002712) refers to sam9260.o(STACK) for __initial_sp
    entry5.o(.ARM.Collect$$$$00000004) refers to init.o(.text) for __scatterload
    entry9a.o(.ARM.Collect$$$$0000000B) refers to blinky.o(.text) for main
    entry9b.o(.ARM.Collect$$$$0000000C) refers to blinky.o(.text) for main
    init.o(.text) refers to entry5.o(.ARM.Collect$$$$00000004) for __main_after_scatterload


==============================================================================

Removing Unused input sections from the image.

    Removing sam9260.o(HEAP), (0 bytes).

1 unused section(s) (total 0 bytes) removed from the image.

==============================================================================

Image Symbol Table

    Local Symbols

    Symbol Name                              Value     Ov Type        Size  Object(Section)

    ../clib/microlib/init/entry.s            0x00000000   Number         0  entry.o ABSOLUTE
    ../clib/microlib/init/entry.s            0x00000000   Number         0  entry9b.o ABSOLUTE
    ../clib/microlib/init/entry.s            0x00000000   Number         0  entry9a.o ABSOLUTE
    ../clib/microlib/init/entry.s            0x00000000   Number         0  entry2.o ABSOLUTE
    ../clib/microlib/init/entry.s            0x00000000   Number         0  entry8b.o ABSOLUTE
    ../clib/microlib/init/entry.s            0x00000000   Number         0  entry8a.o ABSOLUTE
    ../clib/microlib/init/entry.s            0x00000000   Number         0  entry7b.o ABSOLUTE
    ../clib/microlib/init/entry.s            0x00000000   Number         0  entry7a.o ABSOLUTE
    ../clib/microlib/init/entry.s            0x00000000   Number         0  entry5.o ABSOLUTE
    ../clib/microlib/init/entry.s            0x00000000   Number         0  entry11b.o ABSOLUTE
    ../clib/microlib/init/entry.s            0x00000000   Number         0  entry11a.o ABSOLUTE
    ../clib/microlib/init/entry.s            0x00000000   Number         0  entry10b.o ABSOLUTE
    ../clib/microlib/init/entry.s            0x00000000   Number         0  entry10a.o ABSOLUTE
    Blinky.c                                 0x00000000   Number         0  blinky.o ABSOLUTE
    SAM9260.s                                0x00000000   Number         0  sam9260.o ABSOLUTE
    dc.s                                     0x00000000   Number         0  dc.o ABSOLUTE
    handlers.s                               0x00000000   Number         0  handlers.o ABSOLUTE
    init.s                                   0x00000000   Number         0  init.o ABSOLUTE
    RESET                                    0x20000000   Section      212  sam9260.o(RESET)
    Undef_Handler                            0x20000040   ARM Code       4  sam9260.o(RESET)
    SWI_Handler                              0x20000044   ARM Code       4  sam9260.o(RESET)
    PAbt_Handler                             0x20000048   ARM Code       4  sam9260.o(RESET)
    DAbt_Handler                             0x2000004c   ARM Code       4  sam9260.o(RESET)
    IRQ_Handler                              0x20000050   ARM Code       4  sam9260.o(RESET)
    FIQ_Handler                              0x20000054   ARM Code       4  sam9260.o(RESET)
    .ARM.Collect$$$$00000000                 0x200000d4   Section        0  entry.o(.ARM.Collect$$$$00000000)
    .ARM.Collect$$$$00000001                 0x200000d4   Section        4  entry2.o(.ARM.Collect$$$$00000001)
    .ARM.Collect$$$$00000004                 0x200000d8   Section        4  entry5.o(.ARM.Collect$$$$00000004)
    .ARM.Collect$$$$00000008                 0x200000dc   Section        0  entry7b.o(.ARM.Collect$$$$00000008)
    .ARM.Collect$$$$0000000A                 0x200000dc   Section        0  entry8b.o(.ARM.Collect$$$$0000000A)
    .ARM.Collect$$$$0000000B                 0x200000dc   Section       12  entry9a.o(.ARM.Collect$$$$0000000B)
    .ARM.Collect$$$$0000000D                 0x200000e8   Section        0  entry10a.o(.ARM.Collect$$$$0000000D)
    .ARM.Collect$$$$0000000F                 0x200000e8   Section        0  entry11a.o(.ARM.Collect$$$$0000000F)
    .ARM.Collect$$$$00002712                 0x200000e8   Section        4  entry2.o(.ARM.Collect$$$$00002712)
    __lit__00000000                          0x200000e8   Data           4  entry2.o(.ARM.Collect$$$$00002712)
    .text                                    0x200000ec   Section        0  blinky.o(.text)
    .text                                    0x2000025c   Section       32  init.o(.text)
    i.__scatterload_copy                     0x2000027c   Section       28  handlers.o(i.__scatterload_copy)
    i.__scatterload_null                     0x20000298   Section        4  handlers.o(i.__scatterload_null)
    i.__scatterload_zeroinit                 0x2000029c   Section       24  handlers.o(i.__scatterload_zeroinit)
    .constdata                               0x200002b4   Section        4  blinky.o(.constdata)
    .data                                    0x22000000   Section        8  blinky.o(.data)
    STACK                                    0x22000008   Section     1160  sam9260.o(STACK)
    Stack_Top                                0x22000490   Data           0  sam9260.o(STACK)

    Global Symbols

    Symbol Name                              Value     Ov Type        Size  Object(Section)

    BuildAttributes$$THM_ISAv2$ARM_ISAv5$E$P$J$S$PE$A:L22$X:L11$S22$IEEE1$IW$USESV6$~STKCKD$USESV7$~SHL$OSPACE$EBA8$MICROLIB$REQ8$PRES8$EABIv2 0x00000000   Number         0  anon$$obj.o ABSOLUTE
    __ARM_use_no_argv                        0x00000000   Number         0  blinky.o ABSOLUTE
    __cpp_initialize__aeabi_                  - Undefined Weak Reference
    __cxa_finalize                            - Undefined Weak Reference
    __decompress                              - Undefined Weak Reference
    _clock_init                               - Undefined Weak Reference
    _microlib_exit                            - Undefined Weak Reference
    Image$$RW_RAM1$$RW$$Length               0x00000008   Number         0  anon$$obj.o ABSOLUTE
    Image$$ER_ROM1$$RO$$Length               0x000002d8   Number         0  anon$$obj.o ABSOLUTE
    Reset_Handler                            0x20000058   ARM Code       0  sam9260.o(RESET)
    __main                                   0x200000d4   ARM Code       0  entry.o(.ARM.Collect$$$$00000000)
    _main_stk                                0x200000d4   ARM Code       0  entry2.o(.ARM.Collect$$$$00000001)
    _main_scatterload                        0x200000d8   ARM Code       0  entry5.o(.ARM.Collect$$$$00000004)
    __main_after_scatterload                 0x200000dc   ARM Code       0  entry5.o(.ARM.Collect$$$$00000004)
    _main_clock                              0x200000dc   ARM Code       0  entry7b.o(.ARM.Collect$$$$00000008)
    _main_cpp_init                           0x200000dc   ARM Code       0  entry8b.o(.ARM.Collect$$$$0000000A)
    _main_init                               0x200000dc   ARM Code       0  entry9a.o(.ARM.Collect$$$$0000000B)
    __rt_final_cpp                           0x200000e8   ARM Code       0  entry10a.o(.ARM.Collect$$$$0000000D)
    __rt_final_exit                          0x200000e8   ARM Code       0  entry11a.o(.ARM.Collect$$$$0000000F)
    wait                                     0x200000ec   ARM Code      36  blinky.o(.text)
    PIT_Handler                              0x20000110   ARM Code      80  blinky.o(.text)
    main                                     0x20000160   ARM Code     236  blinky.o(.text)
    __scatterload                            0x2000025d   Thumb Code    22  init.o(.text)
    __scatterload_rt2                        0x2000025d   Thumb Code     0  init.o(.text)
    __scatterload_copy                       0x2000027c   ARM Code      28  handlers.o(i.__scatterload_copy)
    __scatterload_null                       0x20000298   ARM Code       4  handlers.o(i.__scatterload_null)
    __scatterload_zeroinit                   0x2000029c   ARM Code      24  handlers.o(i.__scatterload_zeroinit)
    led_mask                                 0x200002b4   Data           4  blinky.o(.constdata)
    Region$$Table$$Base                      0x200002b8   Number         0  anon$$obj.o(Region$$Table)
    Region$$Table$$Limit                     0x200002d8   Number         0  anon$$obj.o(Region$$Table)
    TimeFlag                                 0x22000000   Data           1  blinky.o(.data)
    TimeTick                                 0x22000004   Data           4  blinky.o(.data)
    __initial_sp                             0x22000408   Data         136  sam9260.o(STACK)



==============================================================================

Memory Map of the image

  Image Entry point : 0x200000d4

  Load Region LR_ROM1 (Base: 0x20000000, Size: 0x000002e0, Max: 0x0083be00, ABSOLUTE)

    Execution Region ER_ROM1 (Exec base: 0x20000000, Load base: 0x20000000, Size: 0x000002d8, Max: 0x0083be00, ABSOLUTE)

    Exec Addr    Load Addr    Size         Type   Attr      Idx    E Section Name        Object

    0x20000000   0x20000000   0x000000d4   Code   RO            3    RESET               sam9260.o
    0x200000d4   0x200000d4   0x00000000   Code   RO           28  * .ARM.Collect$$$$00000000  mc_5.l(entry.o)
    0x200000d4   0x200000d4   0x00000004   Code   RO           31    .ARM.Collect$$$$00000001  mc_5.l(entry2.o)
    0x200000d8   0x200000d8   0x00000004   Code   RO           33    .ARM.Collect$$$$00000004  mc_5.l(entry5.o)
    0x200000dc   0x200000dc   0x00000000   Code   RO           35    .ARM.Collect$$$$00000008  mc_5.l(entry7b.o)
    0x200000dc   0x200000dc   0x00000000   Code   RO           37    .ARM.Collect$$$$0000000A  mc_5.l(entry8b.o)
    0x200000dc   0x200000dc   0x0000000c   Code   RO           38    .ARM.Collect$$$$0000000B  mc_5.l(entry9a.o)
    0x200000e8   0x200000e8   0x00000000   Code   RO           40    .ARM.Collect$$$$0000000D  mc_5.l(entry10a.o)
    0x200000e8   0x200000e8   0x00000000   Code   RO           42    .ARM.Collect$$$$0000000F  mc_5.l(entry11a.o)
    0x200000e8   0x200000e8   0x00000004   Code   RO           32    .ARM.Collect$$$$00002712  mc_5.l(entry2.o)
    0x200000ec   0x200000ec   0x00000170   Code   RO            8    .text               blinky.o
    0x2000025c   0x2000025c   0x00000020   Code   RO           44    .text               mc_5.l(init.o)
    0x2000027c   0x2000027c   0x0000001c   Code   RO           48    i.__scatterload_copy  mc_5.l(handlers.o)
    0x20000298   0x20000298   0x00000004   Code   RO           49    i.__scatterload_null  mc_5.l(handlers.o)
    0x2000029c   0x2000029c   0x00000018   Code   RO           50    i.__scatterload_zeroinit  mc_5.l(handlers.o)
    0x200002b4   0x200002b4   0x00000004   Data   RO            9    .constdata          blinky.o
    0x200002b8   0x200002b8   0x00000020   Data   RO           46    Region$$Table       anon$$obj.o


    Execution Region RW_RAM1 (Exec base: 0x22000000, Load base: 0x200002d8, Size: 0x00000490, Max: 0x02000000, ABSOLUTE)

    Exec Addr    Load Addr    Size         Type   Attr      Idx    E Section Name        Object

    0x22000000   0x200002d8   0x00000008   Data   RW           10    .data               blinky.o
    0x22000008        -       0x00000488   Zero   RW            1    STACK               sam9260.o


==============================================================================

Image component sizes


      Code (inc. data)   RO Data    RW Data    ZI Data      Debug   Object Name

       368         16          4          8          0       2913   blinky.o
       212         48          0          0       1160        332   sam9260.o

    ----------------------------------------------------------------------
       580         64         36          8       1160       3245   Object Totals
         0          0         32          0          0          0   (incl. Generated)
         0          0          0          0          0          0   (incl. Padding)

    ----------------------------------------------------------------------

      Code (inc. data)   RO Data    RW Data    ZI Data      Debug   Library Member Name

         0          0          0          0          0          0   entry.o
         0          0          0          0          0          0   entry10a.o
         0          0          0          0          0          0   entry11a.o
         8          4          0          0          0          0   entry2.o
         4          0          0          0          0          0   entry5.o
         0          0          0          0          0          0   entry7b.o
         0          0          0          0          0          0   entry8b.o
        12          4          0          0          0          0   entry9a.o
        56          0          0          0          0          0   handlers.o
        32         10          0          0          0         68   init.o

    ----------------------------------------------------------------------
       112         18          0          0          0         68   Library Totals
         0          0          0          0          0          0   (incl. Padding)

    ----------------------------------------------------------------------

      Code (inc. data)   RO Data    RW Data    ZI Data      Debug   Library Name

       112         18          0          0          0         68   mc_5.l

    ----------------------------------------------------------------------
       112         18          0          0          0         68   Library Totals

    ----------------------------------------------------------------------

==============================================================================


      Code (inc. data)   RO Data    RW Data    ZI Data      Debug   

       692         82         36          8       1160       3517   Grand Totals
       692         82         36          8       1160       3517   ELF Image Totals
       692         82         36          8          0          0   ROM Totals

==============================================================================

    Total RO  Size (Code + RO Data)                  728 (   0.71kB)
    Total RW  Size (RW Data + ZI Data)              1168 (   1.14kB)
    Total ROM Size (Code + RO Data + RW Data)        736 (   0.72kB)

==============================================================================

